BAPP850.CFD
BMNTL_RU
TLANG_DE.LNG
TSBS_TITLE.SMD
BBG_DESK00.GRP
BNITROBOOT2.SP
TLANG_EN_US.LNG
TSETUP
BBG_GAME5.GRP
BNITROBOOT3.SP
T_00634B58.SMT
TLANGPACKEDIT
TSETUP.BNR
BBG_MII.GRP
BNTRBOOTMNG.BND
T0.MML
T______LAUNCHER
TSETUP.SMD
BBG_VISTA.GRP
BNTRBOOTMNG.BNE
TARRBYTESWP.EXE
T_LNCBNR
T__SHELL
BBOOTLOGO00.GRP
BPS4_BG.GRP
T_BADBNR
T_______LNC_SET
TSKKBAUIDOS.BNR
BBOOTLOGO01.GRP
BRG_THW.BNS
TBGM_DATA
T____LNCSET.BNR
TSKKBAUIDOS.COM
BBOOTLOGO02.GRP
BSBS_TITLE.DB
TBMP2GRP
T____LNCSET.SMD
TSKKBAUIDOS.SMD
BBOOTLOGO03.GRP
BSBS_TITLE.GRP
TBROWSER.EXE
TLNGPCKEDIT.BNR
T_SMDCREATE.BNR
BBOOTLOGO04.GRP
BSESSION.SAV
TCALC.PKG
TLNGPCKEDIT.SMD
T_SMDCREATE.SMD
BFNT03.CFD
BSETUP.BNN
TCHANGELOG_EN
TMANUAL
T_SMD_CREATOR
BFNT8X8.CFD
BSETUP.BNS
T_CYFS-GENERATE
TMANUAL.SMD
T__________.SMT
BFNT.CFD
BSKKBAACNL.GRP
TDEMO1.PKG
T_SMT_MAKER
BIMAGERES.DLL
B@SKKBAUI.CYFS
TDEMO2.PKG
TNITROBOOT1.ANM
T_SMT_MAKER.SMD
BLAUNCHER.GRP
BSKKBAUIDOS.BNS
TEDITSYSCNF.SMD
TNITROBOOT2.ANM
TSPACE
B____LNCSET.BN0
B_SMDCREATE.BN0
TEDITSYSCONF
TNITROBOOT3.ANM
T.SYS_LAUNCHER
B____LNCSET.BN1
B_SMDCREATE.BN1
TEDITSYSCONFNEW
TNTRBOOTMANAGER
TTEMPLATE.PKG
BLNGPCKEDIT.BN0
BSMFNT.CFD
T_EXITBNR
TNTRBOOTMNG.SMD
TTEMPLATE.SDD
BMANUAL_001.GRP
BSYM.CFD
TEXPLORER.EXE
TNTRBTNME
TTXTEDIT.O_PKG
BMANUALMAIN.GRP
BSYSFNT.BIN
TFINDDEFSINPRGS
TRG_THW.BNR
TWIN6MIX.SDD
BMNTL_CY
BTHRESHOLD.GRP
T--GRP0.5
TRG_THW.LDR
TWIN6MIX.SMD
BMNTL_DE
BWAV_CLICK.WAV
TGRP2CPF
TRG_THW.SMD
TXCMD.LIB
BMNTL_EN
BWIN10_1906.GRP
THOME.PTML
TSBS_TITLE.DLL
BMNTL_JP
BXPBG.GRP
TLANG_CY.LNG
TSBS_TITLE.EXE
<end>
